*2ip.ru
*archiveofourown.org
*bard.google.com
*bmc.com
*bmc.okta.com
*chatgpt.com
*community.bmc.com
*copilot.microsoft.com
*dis.gd
*discord-activities.com
*discord-attachments-uploads-prd.storage.googleapis.com
*discord.co
*discord.com
*discord.design
*discord.dev
*discord.gg
*discord.gift
*discord.gifts
*discord.media
*discord.new
*discord.store
*discord.tools
*discordactivities.com
*discordapp.com
*discordapp.io
*discordapp.net
*discordapp.org
*discordmerch.com
*discordpartygames.com
*discordsays.com
*discordstatus.com
*discours.io
*disctech.com
*docs.bmc.com
*facebook.com
*facebook.net
*gemini.google.com
*gfn.am
*gitlab.com
*gitlab.io
*googletagmanager.com
*googlevideo.com
*hdrezka.ac
*hdrezka.ag
*instagram.com
*jetbrains.com
*lookerstudio.google.com
*netflix.com
*news.google.com
*openai.com
*play.google.com
*pornhub.com
*pornolab.net
*rutor.info
*rutor.is
*rutor.org
*rutracker.cc
*rutracker.net
*rutracker.org
*rutracker.ru
*suggestqueries.google.com
*tik-tokapi.com
*tiktok.com
*tiktokcdn-eu.com
*tiktokcdn-us.com
*tiktokcdn.com
*tiktokd.net
*tiktokd.org
*tiktokv.com
*tiktokv.us
*tiktokw.us
*wide-youtube.l.google.com
*younettranslate.com
*youtu.be
*youtube-nocookie.com
*youtube.com
*youtubeembeddedplayer.googleapis.com
*youtubei.googleapis.com
*youtubekids.com
*ytimg.com
*ytimg.l.google.com
*yting.com
*zohomail.com
ifconfig.me
myip2.ru
